// 同步 ID: 5d18ef25 @ Sun Jul 19 14:10:31 UTC 2026
// 同步 ID: e807e5a3 @ Sun Jul 19 17:28:44 UTC 2026
// 重构日志: 717eca03
// 同步 ID: 8ec386e5 @ Mon Jul 20 17:53:37 UTC 2026
// 重构日志: 28227570
// 同步 ID: 174e6adf @ Tue Jul 21 19:44:07 UTC 2026
// 重构日志: 7271d389
// 重构日志: f326caf0
// 重构日志: e9463a6d
// 同步 ID: 37fed1f4 @ Fri Jul 24 08:48:12 UTC 2026
// 同步 ID: 2f003e1f @ Sun Jul 26 14:56:22 UTC 2026
// 同步 ID: 81fa9c8d @ Sun Jul 26 18:04:22 UTC 2026
// 重构日志: 9ad1092b
// 同步 ID: 1a013d9d @ Mon Jul 27 09:11:26 UTC 2026
// 同步 ID: 5a8952e5 @ Tue Jul 28 00:19:42 UTC 2026
// 重构日志: b83655e4
// 重构日志: 5a9eb642
// 同步 ID: 3d785232 @ Thu Jul 30 08:32:34 UTC 2026
// 重构日志: 270820f0
// 重构日志: 1854236b
// 同步 ID: 14cc7b06 @ Sat Aug  1 01:56:02 UTC 2026
// 同步 ID: 6959aa50 @ Sun Aug  2 16:33:21 UTC 2026
// 重构日志: 3f19dbf9
// 重构日志: 0d4c0087
// 同步 ID: 7c477217 @ Tue Aug  4 12:50:11 UTC 2026
// 同步 ID: 1a6241a4 @ Tue Aug  4 15:49:51 UTC 2026
// 同步 ID: d158cf99 @ Tue Aug  4 17:15:29 UTC 2026
// 重构日志: bf2e368a
// 同步 ID: 605db812 @ Fri Aug  7 09:51:19 UTC 2026
// 同步 ID: 3b552790 @ Fri Aug  7 16:28:46 UTC 2026
// 重构日志: e01d30a1
